// Jest Snapshot v1, https://goo.gl/fbAQLP

exports[`MainScreen should match snapshot 1`] = `
<div
  className="sc-bdVaJa grbsvW"
>
  <span>
    <span>
      Hello World!
    </span>
  </span>
  <a
    href="/test"
    onClick={[Function]}
  >
    Take me to another screen!
  </a>
</div>
`;
